Archive member included to satisfy reference by file (symbol)

/opt/microchip/xc32/v4.30/bin/bin/../../lib/gcc/pic32c/8.3.1/../../../../pic32c/lib/thumb/v7e-m+fp/hard/libpic32c.a(data_init.o)
                              build/sam_e51_cnano/production/_ext/570918426/startup_xc32.o (__pic32c_data_initialization)
/opt/microchip/xc32/v4.30/bin/bin/../../lib/gcc/pic32c/8.3.1/../../../../pic32c/lib/thumb/v7e-m+fp/hard/libc-musl.a(__libc_start_main.o)
                              build/sam_e51_cnano/production/_ext/570918426/startup_xc32.o (__libc_init_array)
/opt/microchip/xc32/v4.30/bin/bin/../../lib/gcc/pic32c/8.3.1/../../../../pic32c/lib/thumb/v7e-m+fp/hard/libc-musl.a(libc.o)
                              /opt/microchip/xc32/v4.30/bin/bin/../../lib/gcc/pic32c/8.3.1/../../../../pic32c/lib/thumb/v7e-m+fp/hard/libc-musl.a(__libc_start_main.o) (__progname_full)
/opt/microchip/xc32/v4.30/bin/bin/../../lib/gcc/pic32c/8.3.1/../../../../pic32c/lib/thumb/v7e-m+fp/hard/libc-musl.a(memcpy.o)
                              build/sam_e51_cnano/production/_ext/226030394/plib_nvmctrl.o (memcpy)
/opt/microchip/xc32/v4.30/bin/bin/../../lib/gcc/pic32c/8.3.1/../../../../pic32c/lib/thumb/v7e-m+fp/hard/libc-musl.a(strlen.o)
                              build/sam_e51_cnano/production/_ext/1360937237/main.o (strlen)
/opt/microchip/xc32/v4.30/bin/bin/../../lib/gcc/pic32c/8.3.1/../../../../pic32c/lib/thumb/v7e-m+fp/hard/libc-musl.a(__environ.o)
                              /opt/microchip/xc32/v4.30/bin/bin/../../lib/gcc/pic32c/8.3.1/../../../../pic32c/lib/thumb/v7e-m+fp/hard/libc-musl.a(__libc_start_main.o) (__environ)
/opt/microchip/xc32/v4.30/bin/bin/../../lib/gcc/pic32c/8.3.1/thumb/v7e-m+fp/hard/libgcc.a(_aeabi_uldivmod.o)
                              build/sam_e51_cnano/production/_ext/314480351/plib_sercom5_usart.o (__aeabi_uldivmod)
/opt/microchip/xc32/v4.30/bin/bin/../../lib/gcc/pic32c/8.3.1/thumb/v7e-m+fp/hard/libgcc.a(_udivmoddi4.o)
                              /opt/microchip/xc32/v4.30/bin/bin/../../lib/gcc/pic32c/8.3.1/thumb/v7e-m+fp/hard/libgcc.a(_aeabi_uldivmod.o) (__udivmoddi4)
/opt/microchip/xc32/v4.30/bin/bin/../../lib/gcc/pic32c/8.3.1/thumb/v7e-m+fp/hard/libgcc.a(_dvmd_tls.o)
                              /opt/microchip/xc32/v4.30/bin/bin/../../lib/gcc/pic32c/8.3.1/thumb/v7e-m+fp/hard/libgcc.a(_aeabi_uldivmod.o) (__aeabi_ldiv0)

Allocating common symbols
Common symbol       size              file

dmacChannelObj      0x10              build/sam_e51_cnano/production/_ext/831021835/plib_dmac.o
/opt/microchip/xc32/v4.30/bin/bin/../../lib/gcc/pic32c/8.3.1/../../../../pic32c/lib/thumb/v7e-m+fp/hard/libpic32c.a(pic32_data_init_clear.o)
                              (__dinit_clear_needed)
/opt/microchip/xc32/v4.30/bin/bin/../../lib/gcc/pic32c/8.3.1/../../../../pic32c/lib/thumb/v7e-m+fp/hard/libpic32c.a(pic32_data_init_copy.o)
                              (__dinit_copy_needed)

Microchip PIC32 Memory-Usage Report

ROM Program-Memory Usage
section                    address  length [bytes]      (dec)  Description
-------                 ----------  -------------------------  -----------
.vectors                         0          0x260         608   
.text                        0x260           0x20          32  App's exec code 
.text.DMAC_ChannelTrans      0x280          0x158         344   
.text.EIC_Initialize         0x3d8          0x104         260   
.dinit                       0x4dc           0x94         148   
.text.main                   0x5cc           0xac         172   
.text.DMAC_Initialize        0x678           0xa0         160   
.text._DMAC_interruptHa      0x718           0x9c         156   
.text.CLOCK_Initialize       0x7b4           0x74         116   
.text.FDPLL0_Initialize      0x828           0x6c         108   
.text.RTC_Initialize         0x894           0x60          96   
.text.__libc_start_init      0x8f4           0x5c          92   
.text.__NVIC_SetPriorit      0x950           0x54          84   
.text.Reset_Handler          0x9a4           0x54          84   
.text.SERCOM5_USART_Ini      0x9f8           0x4c          76   
.text.__pic32c_data_ini      0xa44           0x4c          76   
.text.__NVIC_SetPriorit      0xa90           0x48          72   
.text.GCLK0_Initialize       0xad8           0x44          68   
.text.PORT_Initialize        0xb1c           0x44          68   
.text.FPU_Enable             0xb60           0x44          68   
.text                        0xba4           0x40          64  App's exec code 
.text.ICache_Enable          0xbe4           0x40          64   
.text.NVIC_Initialize        0xc24           0x3e          62   
.text.Dummy_Handler          0xc62            0x2           2   
.text.DMAC_ChannelCallb      0xc64           0x3c          60   
.text.__NVIC_EnableIRQ       0xca0           0x3c          60   
.text.RTC_InterruptHand      0xcdc           0x3c          60   
.text.EIC_EXTINT_15_Int      0xd18           0x34          52   
[...]
Memory Configuration

Name             Origin             Length             Attributes
rom              0x00000000         0x00100000         xrl
ram              0x20000000         0x00040000         xw !r
tcm              0x03000000         0x00000000         xw
config_00804000  0x00804000         0x00000004
config_00804008  0x00804008         0x00000004
config_00804004  0x00804004         0x00000004
*default*        0x00000000         0xffffffff

Linker script and memory map

LOAD /opt/microchip/xc32/v4.30/bin/bin/../../lib/gcc/pic32c/8.3.1/thumb/v7e-m+fp/hard/crti.o
LOAD /opt/microchip/xc32/v4.30/bin/bin/../../lib/gcc/pic32c/8.3.1/thumb/v7e-m+fp/hard/crtbegin.o
LOAD build/sam_e51_cnano/production/_ext/7187140/plib_clock.o
LOAD build/sam_e51_cnano/production/_ext/831051564/plib_cmcc.o
LOAD build/sam_e51_cnano/production/_ext/831021835/plib_dmac.o
LOAD build/sam_e51_cnano/production/_ext/1220119669/plib_eic.o
LOAD build/sam_e51_cnano/production/_ext/9336626/plib_evsys.o
LOAD build/sam_e51_cnano/production/_ext/830715028/plib_nvic.o
LOAD build/sam_e51_cnano/production/_ext/226030394/plib_nvmctrl.o
LOAD build/sam_e51_cnano/production/_ext/830661877/plib_port.o
LOAD build/sam_e51_cnano/production/_ext/1220132503/plib_rtc_timer.o
LOAD build/sam_e51_cnano/production/_ext/314480351/plib_sercom5_usart.o
LOAD build/sam_e51_cnano/production/_ext/865175840/xc32_monitor.o
LOAD build/sam_e51_cnano/production/_ext/570918426/initialization.o
LOAD build/sam_e51_cnano/production/_ext/570918426/interrupts.o
LOAD build/sam_e51_cnano/production/_ext/570918426/exceptions.o
LOAD build/sam_e51_cnano/production/_ext/570918426/startup_xc32.o
LOAD build/sam_e51_cnano/production/_ext/570918426/libc_syscalls.o
LOAD build/sam_e51_cnano/production/_ext/1360937237/main.o
                0x00000001                __MPLAB_BUILD = 0x1
                0x00100000                __rom_end = (ORIGIN (rom) + LENGTH (rom))
                0x20040000                __ram_end = (ORIGIN (ram) + LENGTH (ram))

.config_00804000
 *(.config_00804000)

.config_00804008
 *(.config_00804008)

.config_00804004
 *(.config_00804004)

.vectors        0x00000000      0x260
                0x00000000                . = ALIGN (0x4)
                0x00000000                _sfixed = .
 *(.vectors .vectors.* .vectors_default .vectors_default.*)
 .vectors.exception_table
                0x00000000      0x260 build/sam_e51_cnano/production/_ext/570918426/interrupts.o
                0x00000000                exception_table
 *(.isr_vector)
 *(.reset*)
 *(.after_vectors)

.text           0x00000260       0x20
                0x00000260                . = ALIGN (0x4)
 *(.glue_7t)
 .glue_7t       0x00000260        0x0 linker stubs
 *(.glue_7)
 .glue_7        0x00000260        0x0 linker stubs
 *(.gnu.linkonce.r.*)
 *(.ARM.extab* .gnu.linkonce.armextab.*)
                0x00000260                . = ALIGN (0x4)
 *(.init)
 .init          0x00000260        0x4 /opt/microchip/xc32/v4.30/bin/bin/../../lib/gcc/pic32c/8.3.1/thumb/v7e-m+fp/hard/crti.o
                0x00000260                _init
 .init          0x00000264        0x8 /opt/microchip/xc32/v4.30/bin/bin/../../lib/gcc/pic32c/8.3.1/thumb/v7e-m+fp/hard/crtn.o
                0x0000026c                . = ALIGN (0x4)
                0x0000026c                __preinit_array_start = .
 *(.preinit_array)
                0x0000026c                __preinit_array_end = .
                0x0000026c                . = ALIGN (0x4)
                0x0000026c                __init_array_start = .
 *(SORT_BY_NAME(.init_array.*))
 *(.init_array)
 .init_array    0x0000026c        0x4 /opt/microchip/xc32/v4.30/bin/bin/../../lib/gcc/pic32c/8.3.1/thumb/v7e-m+fp/hard/crtbegin.o
                0x00000270                __init_array_end = .
                0x00000270                . = ALIGN (0x4)
 *crtbegin.o(.ctors)
 *(EXCLUDE_FILE(*crtend.o) .ctors)
 *(SORT_BY_NAME(.ctors.*))
 *crtend.o(.ctors)
                0x00000270                . = ALIGN (0x4)
 *(.fini)
 .fini          0x00000270        0x4 /opt/microchip/xc32/v4.30/bin/bin/../../lib/gcc/pic32c/8.3.1/thumb/v7e-m+fp/hard/crti.o
                0x00000270                _fini
 .fini          0x00000274        0x8 /opt/microchip/xc32/v4.30/bin/bin/../../lib/gcc/pic32c/8.3.1/thumb/v7e-m+fp/hard/crtn.o
                0x0000027c                . = ALIGN (0x4)
                0x0000027c                __fini_array_start = .
 *(.fini_array)
 .fini_array    0x0000027c        0x4 /opt/microchip/xc32/v4.30/bin/bin/../../lib/gcc/pic32c/8.3.1/thumb/v7e-m+fp/hard/crtbegin.o
 *(SORT_BY_NAME(.fini_array.*))
                0x00000280                __fini_array_end = .
 *crtbegin.o(.dtors)
 *(EXCLUDE_FILE(*crtend.o) .dtors)
 *(SORT_BY_NAME(.dtors.*))
 *crtend.o(.dtors)
                0x00000280                . = ALIGN (0x4)
                0x00000280                _efixed = .
                [!provide]                PROVIDE (__exidx_start = .)

.ARM.exidx
 *(.ARM.exidx* .gnu.linkonce.armexidx.*)
                [!provide]                PROVIDE (__exidx_end = .)
                0x00000280                . = ALIGN (0x4)
                0x00000280                _etext = .

.bss            0x20000000       0x10
                0x20000000                . = ALIGN (0x4)
                0x20000000                __bss_start__ = .
                0x20000000                _sbss = .
                0x20000000                _szero = .
 *(COMMON)
 COMMON         0x20000000       0x10 build/sam_e51_cnano/production/_ext/831021835/plib_dmac.o
                0x20000000                dmacChannelObj
                0x20000010                . = ALIGN (0x4)
                0x20000010                __bss_end__ = .
                0x20000010                _ebss = .
                0x20000010                _ezero = .
                0x20000010                . = ALIGN (0x4)
                0x20000010                _end = .
                0x2003ffff                _ram_end_ = ((ORIGIN (ram) + LENGTH (ram)) - 0x1)
                0x00000200                _min_heap_size = 0x200
START GROUP
LOAD /opt/microchip/xc32/v4.30/bin/bin/../../lib/gcc/pic32c/8.3.1/../../../../pic32c/lib/thumb/v7e-m+fp/hard/libpic32c.a
LOAD /opt/microchip/xc32/v4.30/bin/bin/../../lib/gcc/pic32c/8.3.1/../../../../pic32c/lib/thumb/v7e-m+fp/hard/libm-fast-emfloat.a
LOAD /opt/microchip/xc32/v4.30/bin/bin/../../lib/gcc/pic32c/8.3.1/../../../../pic32c/lib/thumb/v7e-m+fp/hard/libc-musl.a
LOAD /opt/microchip/xc32/v4.30/bin/bin/../../lib/gcc/pic32c/8.3.1/../../../../pic32c/lib/thumb/v7e-m+fp/hard/libm-fast-emfloat.a
LOAD /opt/microchip/xc32/v4.30/bin/bin/../../lib/gcc/pic32c/8.3.1/thumb/v7e-m+fp/hard/libgcc.a
END GROUP
LOAD /opt/microchip/xc32/v4.30/bin/bin/../../lib/gcc/pic32c/8.3.1/thumb/v7e-m+fp/hard/crtend.o
LOAD /opt/microchip/xc32/v4.30/bin/bin/../../lib/gcc/pic32c/8.3.1/thumb/v7e-m+fp/hard/crtn.o
OUTPUT(dist/sam_e51_cnano/production/e51-base.production.elf elf32-littlearm)
LOAD data_init
LOAD stack

.ARM.attributes
                0x00000000       0x34
 .ARM.attributes
                0x00000000       0x1e /opt/microchip/xc32/v4.30/bin/bin/../../lib/gcc/pic32c/8.3.1/thumb/v7e-m+fp/hard/crti.o
 .ARM.attributes
                0x0000001e       0x34 /opt/microchip/xc32/v4.30/bin/bin/../../lib/gcc/pic32c/8.3.1/thumb/v7e-m+fp/hard/crtbegin.o
 .ARM.attributes
                0x00000052       0x34 build/sam_e51_cnano/production/_ext/7187140/plib_clock.o
 .ARM.attributes
                0x00000086       0x34 build/sam_e51_cnano/production/_ext/831021835/plib_dmac.o
 .ARM.attributes
                0x000000ba       0x34 build/sam_e51_cnano/production/_ext/1220119669/plib_eic.o
 .ARM.attributes
                0x000000ee       0x34 build/sam_e51_cnano/production/_ext/9336626/plib_evsys.o
 .ARM.attributes
                0x00000122       0x34 build/sam_e51_cnano/production/_ext/830715028/plib_nvic.o
 .ARM.attributes
                0x00000156       0x34 build/sam_e51_cnano/production/_ext/226030394/plib_nvmctrl.o
 .ARM.attributes
                0x0000018a       0x34 build/sam_e51_cnano/production/_ext/830661877/plib_port.o
 .ARM.attributes
                0x000001be       0x34 build/sam_e51_cnano/production/_ext/1220132503/plib_rtc_timer.o
 .ARM.attributes
                0x000001f2       0x34 build/sam_e51_cnano/production/_ext/314480351/plib_sercom5_usart.o
 .ARM.attributes
                0x00000226       0x34 build/sam_e51_cnano/production/_ext/570918426/initialization.o
 .ARM.attributes
                0x0000025a       0x34 build/sam_e51_cnano/production/_ext/570918426/interrupts.o
 .ARM.attributes
                0x0000028e       0x34 build/sam_e51_cnano/production/_ext/570918426/exceptions.o
 .ARM.attributes
                0x000002c2       0x34 build/sam_e51_cnano/production/_ext/570918426/startup_xc32.o
 .ARM.attributes
                0x000002f6       0x34 build/sam_e51_cnano/production/_ext/1360937237/main.o
 .ARM.attributes
                0x0000032a       0x34 /opt/microchip/xc32/v4.30/bin/bin/../../lib/gcc/pic32c/8.3.1/../../../../pic32c/lib/thumb/v7e-m+fp/hard/libpic32c.a(data_init.o)
 .ARM.attributes
                0x0000035e       0x36 /opt/microchip/xc32/v4.30/bin/bin/../../lib/gcc/pic32c/8.3.1/../../../../pic32c/lib/thumb/v7e-m+fp/hard/libc-musl.a(__libc_start_main.o)
 .ARM.attributes
                0x00000394       0x34 /opt/microchip/xc32/v4.30/bin/bin/../../lib/gcc/pic32c/8.3.1/../../../../pic32c/lib/thumb/v7e-m+fp/hard/libc-musl.a(libc.o)
 .ARM.attributes
                0x000003c8       0x36 /opt/microchip/xc32/v4.30/bin/bin/../../lib/gcc/pic32c/8.3.1/../../../../pic32c/lib/thumb/v7e-m+fp/hard/libc-musl.a(strlen.o)
 .ARM.attributes
                0x000003fe       0x34 /opt/microchip/xc32/v4.30/bin/bin/../../lib/gcc/pic32c/8.3.1/../../../../pic32c/lib/thumb/v7e-m+fp/hard/libc-musl.a(__environ.o)
 .ARM.attributes
                0x00000432       0x1e /opt/microchip/xc32/v4.30/bin/bin/../../lib/gcc/pic32c/8.3.1/thumb/v7e-m+fp/hard/crtn.o
 .ARM.attributes
                0x00000450       0x34 /opt/microchip/xc32/v4.30/bin/bin/../../lib/gcc/pic32c/8.3.1/../../../../pic32c/lib/thumb/v7e-m+fp/hard/libpic32c.a(pic32_data_init_clear.o)
 .ARM.attributes
                0x00000484       0x34 /opt/microchip/xc32/v4.30/bin/bin/../../lib/gcc/pic32c/8.3.1/../../../../pic32c/lib/thumb/v7e-m+fp/hard/libpic32c.a(pic32_data_init_copy.o)

.comment        0x00000000       0x2b
 .comment       0x00000000       0x2b /opt/microchip/xc32/v4.30/bin/bin/../../lib/gcc/pic32c/8.3.1/thumb/v7e-m+fp/hard/crtbegin.o
                                 0x2c (size before relaxing)
 .comment       0x0000002b       0x2c build/sam_e51_cnano/production/_ext/7187140/plib_clock.o
 .comment       0x0000002b       0x2c build/sam_e51_cnano/production/_ext/831021835/plib_dmac.o
 .comment       0x0000002b       0x2c build/sam_e51_cnano/production/_ext/1220119669/plib_eic.o
 .comment       0x0000002b       0x2c build/sam_e51_cnano/production/_ext/9336626/plib_evsys.o
 .comment       0x0000002b       0x2c build/sam_e51_cnano/production/_ext/830715028/plib_nvic.o
 .comment       0x0000002b       0x2c build/sam_e51_cnano/production/_ext/226030394/plib_nvmctrl.o
 .comment       0x0000002b       0x2c build/sam_e51_cnano/production/_ext/830661877/plib_port.o
 .comment       0x0000002b       0x2c build/sam_e51_cnano/production/_ext/1220132503/plib_rtc_timer.o
 .comment       0x0000002b       0x2c build/sam_e51_cnano/production/_ext/314480351/plib_sercom5_usart.o
 .comment       0x0000002b       0x2c build/sam_e51_cnano/production/_ext/570918426/initialization.o
 .comment       0x0000002b       0x2c build/sam_e51_cnano/production/_ext/570918426/interrupts.o
 .comment       0x0000002b       0x2c build/sam_e51_cnano/production/_ext/570918426/exceptions.o
 .comment       0x0000002b       0x2c build/sam_e51_cnano/production/_ext/570918426/startup_xc32.o
 .comment       0x0000002b       0x2c build/sam_e51_cnano/production/_ext/1360937237/main.o
 .comment       0x0000002b       0x2c /opt/microchip/xc32/v4.30/bin/bin/../../lib/gcc/pic32c/8.3.1/../../../../pic32c/lib/thumb/v7e-m+fp/hard/libpic32c.a(data_init.o)
 .comment       0x0000002b       0x2c /opt/microchip/xc32/v4.30/bin/bin/../../lib/gcc/pic32c/8.3.1/../../../../pic32c/lib/thumb/v7e-m+fp/hard/libc-musl.a(__libc_start_main.o)
 .comment       0x0000002b       0x2c /opt/microchip/xc32/v4.30/bin/bin/../../lib/gcc/pic32c/8.3.1/../../../../pic32c/lib/thumb/v7e-m+fp/hard/libc-musl.a(libc.o)
 .comment       0x0000002b       0x2c /opt/microchip/xc32/v4.30/bin/bin/../../lib/gcc/pic32c/8.3.1/../../../../pic32c/lib/thumb/v7e-m+fp/hard/libc-musl.a(strlen.o)
 .comment       0x0000002b       0x2c /opt/microchip/xc32/v4.30/bin/bin/../../lib/gcc/pic32c/8.3.1/../../../../pic32c/lib/thumb/v7e-m+fp/hard/libc-musl.a(__environ.o)
 .comment       0x0000002b       0x2c /opt/microchip/xc32/v4.30/bin/bin/../../lib/gcc/pic32c/8.3.1/../../../../pic32c/lib/thumb/v7e-m+fp/hard/libpic32c.a(pic32_data_init_clear.o)
 .comment       0x0000002b       0x2c /opt/microchip/xc32/v4.30/bin/bin/../../lib/gcc/pic32c/8.3.1/../../../../pic32c/lib/thumb/v7e-m+fp/hard/libpic32c.a(pic32_data_init_copy.o)

.debug_info     0x00000000     0xc682
 .debug_info    0x00000000      0xb56 build/sam_e51_cnano/production/_ext/7187140/plib_clock.o
 .debug_info    0x00000b56     0x1181 build/sam_e51_cnano/production/_ext/831021835/plib_dmac.o
 .debug_info    0x00001cd7      0x719 build/sam_e51_cnano/production/_ext/1220119669/plib_eic.o
 .debug_info    0x000023f0      0x32a build/sam_e51_cnano/production/_ext/9336626/plib_evsys.o
 .debug_info    0x0000271a     0x1299 build/sam_e51_cnano/production/_ext/830715028/plib_nvic.o
 .debug_info    0x000039b3      0xc3e build/sam_e51_cnano/production/_ext/226030394/plib_nvmctrl.o
 .debug_info    0x000045f1      0xdad build/sam_e51_cnano/production/_ext/830661877/plib_port.o
 .debug_info    0x0000539e      0xff5 build/sam_e51_cnano/production/_ext/1220132503/plib_rtc_timer.o
 .debug_info    0x00006393     0x1316 build/sam_e51_cnano/production/_ext/314480351/plib_sercom5_usart.o
 .debug_info    0x000076a9      0x337 build/sam_e51_cnano/production/_ext/570918426/initialization.o
 .debug_info    0x000079e0     0x1689 build/sam_e51_cnano/production/_ext/570918426/interrupts.o
 .debug_info    0x00009069      0x3f1 build/sam_e51_cnano/production/_ext/570918426/exceptions.o
 .debug_info    0x0000945a      0x853 build/sam_e51_cnano/production/_ext/570918426/startup_xc32.o
 .debug_info    0x00009cad     0x1148 build/sam_e51_cnano/production/_ext/1360937237/main.o
 .debug_info    0x0000adf5      0x2bd /opt/microchip/xc32/v4.30/bin/bin/../../lib/gcc/pic32c/8.3.1/../../../../pic32c/lib/thumb/v7e-m+fp/hard/libpic32c.a(data_init.o)
 .debug_info    0x0000b0b2      0x621 /opt/microchip/xc32/v4.30/bin/bin/../../lib/gcc/pic32c/8.3.1/../../../../pic32c/lib/thumb/v7e-m+fp/hard/libc-musl.a(__libc_start_main.o)
 .debug_info    0x0000b6d3      0x533 /opt/microchip/xc32/v4.30/bin/bin/../../lib/gcc/pic32c/8.3.1/../../../../pic32c/lib/thumb/v7e-m+fp/hard/libc-musl.a(libc.o)
 .debug_info    0x0000bc06      0x2a4 /opt/microchip/xc32/v4.30/bin/bin/../../lib/gcc/pic32c/8.3.1/../../../../pic32c/lib/thumb/v7e-m+fp/hard/libc-musl.a(strlen.o)
 .debug_info    0x0000beaa      0x2ad /opt/microchip/xc32/v4.30/bin/bin/../../lib/gcc/pic32c/8.3.1/../../../../pic32c/lib/thumb/v7e-m+fp/hard/libc-musl.a(__environ.o)
 .debug_info    0x0000c157      0x296 /opt/microchip/xc32/v4.30/bin/bin/../../lib/gcc/pic32c/8.3.1/../../../../pic32c/lib/thumb/v7e-m+fp/hard/libpic32c.a(pic32_data_init_clear.o)
 .debug_info    0x0000c3ed      0x295 /opt/microchip/xc32/v4.30/bin/bin/../../lib/gcc/pic32c/8.3.1/../../../../pic32c/lib/thumb/v7e-m+fp/hard/libpic32c.a(pic32_data_init_copy.o)

.debug_abbrev   0x00000000     0x165f
 .debug_abbrev  0x00000000      0x102 build/sam_e51_cnano/production/_ext/7187140/plib_clock.o
 .debug_abbrev  0x00000102      0x2ff build/sam_e51_cnano/production/_ext/831021835/plib_dmac.o
 .debug_abbrev  0x00000401      0x168 build/sam_e51_cnano/production/_ext/1220119669/plib_eic.o
 .debug_abbrev  0x00000569       0x3b build/sam_e51_cnano/production/_ext/9336626/plib_evsys.o
 .debug_abbrev  0x000005a4      0x1ee build/sam_e51_cnano/production/_ext/830715028/plib_nvic.o
 .debug_abbrev  0x00000792      0x1d9 build/sam_e51_cnano/production/_ext/226030394/plib_nvmctrl.o
 .debug_abbrev  0x0000096b      0x189 build/sam_e51_cnano/production/_ext/830661877/plib_port.o
 .debug_abbrev  0x00000af4      0x1c0 build/sam_e51_cnano/production/_ext/1220132503/plib_rtc_timer.o
 .debug_abbrev  0x00000cb4      0x1f6 build/sam_e51_cnano/production/_ext/314480351/plib_sercom5_usart.o
 .debug_abbrev  0x00000eaa       0x53 build/sam_e51_cnano/production/_ext/570918426/initialization.o
 .debug_abbrev  0x00000efd       0xb5 build/sam_e51_cnano/production/_ext/570918426/interrupts.o
 .debug_abbrev  0x00000fb2       0x3e build/sam_e51_cnano/production/_ext/570918426/exceptions.o
 .debug_abbrev  0x00000ff0      0x1d1 build/sam_e51_cnano/production/_ext/570918426/startup_xc32.o
 .debug_abbrev  0x000011c1      0x152 build/sam_e51_cnano/production/_ext/1360937237/main.o
 .debug_abbrev  0x00001313       0x44 /opt/microchip/xc32/v4.30/bin/bin/../../lib/gcc/pic32c/8.3.1/../../../../pic32c/lib/thumb/v7e-m+fp/hard/libpic32c.a(data_init.o)
 .debug_abbrev  0x00001357      0x117 /opt/microchip/xc32/v4.30/bin/bin/../../lib/gcc/pic32c/8.3.1/../../../../pic32c/lib/thumb/v7e-m+fp/hard/libc-musl.a(__libc_start_main.o)
 .debug_abbrev  0x0000146e       0xb8 /opt/microchip/xc32/v4.30/bin/bin/../../lib/gcc/pic32c/8.3.1/../../../../pic32c/lib/thumb/v7e-m+fp/hard/libc-musl.a(libc.o)
 .debug_abbrev  0x00001526       0x86 /opt/microchip/xc32/v4.30/bin/bin/../../lib/gcc/pic32c/8.3.1/../../../../pic32c/lib/thumb/v7e-m+fp/hard/libc-musl.a(strlen.o)
 .debug_abbrev  0x000015ac       0x57 /opt/microchip/xc32/v4.30/bin/bin/../../lib/gcc/pic32c/8.3.1/../../../../pic32c/lib/thumb/v7e-m+fp/hard/libc-musl.a(__environ.o)
 .debug_abbrev  0x00001603       0x2e /opt/microchip/xc32/v4.30/bin/bin/../../lib/gcc/pic32c/8.3.1/../../../../pic32c/lib/thumb/v7e-m+fp/hard/libpic32c.a(pic32_data_init_clear.o)
 .debug_abbrev  0x00001631       0x2e /opt/microchip/xc32/v4.30/bin/bin/../../lib/gcc/pic32c/8.3.1/../../../../pic32c/lib/thumb/v7e-m+fp/hard/libpic32c.a(pic32_data_init_copy.o)

.debug_loc      0x00000000     0x22b8
 .debug_loc     0x00000000      0x208 build/sam_e51_cnano/production/_ext/7187140/plib_clock.o
 .debug_loc     0x00000208      0x598 build/sam_e51_cnano/production/_ext/831021835/plib_dmac.o
 .debug_loc     0x000007a0      0x184 build/sam_e51_cnano/production/_ext/1220119669/plib_eic.o
 .debug_loc     0x00000924       0x44 build/sam_e51_cnano/production/_ext/9336626/plib_evsys.o
 .debug_loc     0x00000968      0x23c build/sam_e51_cnano/production/_ext/830715028/plib_nvic.o
 .debug_loc     0x00000ba4      0x678 build/sam_e51_cnano/production/_ext/226030394/plib_nvmctrl.o
 .debug_loc     0x0000121c      0x3dc build/sam_e51_cnano/production/_ext/830661877/plib_port.o
 .debug_loc     0x000015f8      0x52c build/sam_e51_cnano/production/_ext/1220132503/plib_rtc_timer.o
 .debug_loc     0x00001b24      0x37c build/sam_e51_cnano/production/_ext/314480351/plib_sercom5_usart.o
 .debug_loc     0x00001ea0       0x50 build/sam_e51_cnano/production/_ext/570918426/initialization.o
 .debug_loc     0x00001ef0      0x108 build/sam_e51_cnano/production/_ext/570918426/exceptions.o
 .debug_loc     0x00001ff8      0x11c build/sam_e51_cnano/production/_ext/570918426/startup_xc32.o
 .debug_loc     0x00002114       0xe4 build/sam_e51_cnano/production/_ext/1360937237/main.o
 .debug_loc     0x000021f8       0x14 /opt/microchip/xc32/v4.30/bin/bin/../../lib/gcc/pic32c/8.3.1/../../../../pic32c/lib/thumb/v7e-m+fp/hard/libpic32c.a(data_init.o)
 .debug_loc     0x0000220c       0x51 /opt/microchip/xc32/v4.30/bin/bin/../../lib/gcc/pic32c/8.3.1/../../../../pic32c/lib/thumb/v7e-m+fp/hard/libc-musl.a(__libc_start_main.o)
 .debug_loc     0x0000225d       0x47 /opt/microchip/xc32/v4.30/bin/bin/../../lib/gcc/pic32c/8.3.1/../../../../pic32c/lib/thumb/v7e-m+fp/hard/libc-musl.a(strlen.o)
 .debug_loc     0x000022a4       0x14 /opt/microchip/xc32/v4.30/bin/bin/../../lib/gcc/pic32c/8.3.1/../../../../pic32c/lib/thumb/v7e-m+fp/hard/libpic32c.a(pic32_data_init_copy.o)

.debug_aranges  0x00000000      0x5c0
 .debug_aranges
                0x00000000       0x58 build/sam_e51_cnano/production/_ext/7187140/plib_clock.o
 .debug_aranges
                0x00000058       0xa0 build/sam_e51_cnano/production/_ext/831021835/plib_dmac.o
 .debug_aranges
                0x000000f8       0x40 build/sam_e51_cnano/production/_ext/1220119669/plib_eic.o
 .debug_aranges
                0x00000138       0x20 build/sam_e51_cnano/production/_ext/9336626/plib_evsys.o
 .debug_aranges
                0x00000158       0x50 build/sam_e51_cnano/production/_ext/830715028/plib_nvic.o
 .debug_aranges
                0x000001a8       0xc0 build/sam_e51_cnano/production/_ext/226030394/plib_nvmctrl.o
 .debug_aranges
                0x00000268       0x70 build/sam_e51_cnano/production/_ext/830661877/plib_port.o
 .debug_aranges
                0x000002d8       0xa0 build/sam_e51_cnano/production/_ext/1220132503/plib_rtc_timer.o
 .debug_aranges
                0x00000378       0x70 build/sam_e51_cnano/production/_ext/314480351/plib_sercom5_usart.o
 .debug_aranges
                0x000003e8       0x20 build/sam_e51_cnano/production/_ext/570918426/initialization.o
 .debug_aranges
                0x00000408       0x20 build/sam_e51_cnano/production/_ext/570918426/interrupts.o
 .debug_aranges
                0x00000428       0x48 build/sam_e51_cnano/production/_ext/570918426/exceptions.o
 .debug_aranges
                0x00000470       0x40 build/sam_e51_cnano/production/_ext/570918426/startup_xc32.o
 .debug_aranges
                0x000004b0       0x30 build/sam_e51_cnano/production/_ext/1360937237/main.o
 .debug_aranges
                0x000004e0       0x28 /opt/microchip/xc32/v4.30/bin/bin/../../lib/gcc/pic32c/8.3.1/../../../../pic32c/lib/thumb/v7e-m+fp/hard/libpic32c.a(data_init.o)
 .debug_aranges
                0x00000508       0x28 /opt/microchip/xc32/v4.30/bin/bin/../../lib/gcc/pic32c/8.3.1/../../../../pic32c/lib/thumb/v7e-m+fp/hard/libc-musl.a(__libc_start_main.o)
 .debug_aranges
                0x00000530       0x18 /opt/microchip/xc32/v4.30/bin/bin/../../lib/gcc/pic32c/8.3.1/../../../../pic32c/lib/thumb/v7e-m+fp/hard/libc-musl.a(libc.o)
 .debug_aranges
                0x00000548       0x20 /opt/microchip/xc32/v4.30/bin/bin/../../lib/gcc/pic32c/8.3.1/../../../../pic32c/lib/thumb/v7e-m+fp/hard/libc-musl.a(strlen.o)
 .debug_aranges
                0x00000568       0x18 /opt/microchip/xc32/v4.30/bin/bin/../../lib/gcc/pic32c/8.3.1/../../../../pic32c/lib/thumb/v7e-m+fp/hard/libc-musl.a(__environ.o)
 .debug_aranges
                0x00000580       0x20 /opt/microchip/xc32/v4.30/bin/bin/../../lib/gcc/pic32c/8.3.1/../../../../pic32c/lib/thumb/v7e-m+fp/hard/libpic32c.a(pic32_data_init_clear.o)
 .debug_aranges
                0x000005a0       0x20 /opt/microchip/xc32/v4.30/bin/bin/../../lib/gcc/pic32c/8.3.1/../../../../pic32c/lib/thumb/v7e-m+fp/hard/libpic32c.a(pic32_data_init_copy.o)

.debug_ranges   0x00000000      0x488
 .debug_ranges  0x00000000       0x48 build/sam_e51_cnano/production/_ext/7187140/plib_clock.o
 .debug_ranges  0x00000048       0x90 build/sam_e51_cnano/production/_ext/831021835/plib_dmac.o
 .debug_ranges  0x000000d8       0x30 build/sam_e51_cnano/production/_ext/1220119669/plib_eic.o
 .debug_ranges  0x00000108       0x10 build/sam_e51_cnano/production/_ext/9336626/plib_evsys.o
 .debug_ranges  0x00000118       0x40 build/sam_e51_cnano/production/_ext/830715028/plib_nvic.o
 .debug_ranges  0x00000158       0xb0 build/sam_e51_cnano/production/_ext/226030394/plib_nvmctrl.o
 .debug_ranges  0x00000208       0x60 build/sam_e51_cnano/production/_ext/830661877/plib_port.o
 .debug_ranges  0x00000268       0x90 build/sam_e51_cnano/production/_ext/1220132503/plib_rtc_timer.o
 .debug_ranges  0x000002f8       0x60 build/sam_e51_cnano/production/_ext/314480351/plib_sercom5_usart.o
 .debug_ranges  0x00000358       0x10 build/sam_e51_cnano/production/_ext/570918426/initialization.o
 .debug_ranges  0x00000368       0x10 build/sam_e51_cnano/production/_ext/570918426/interrupts.o
 .debug_ranges  0x00000378       0x38 build/sam_e51_cnano/production/_ext/570918426/exceptions.o
 .debug_ranges  0x000003b0       0x30 build/sam_e51_cnano/production/_ext/570918426/startup_xc32.o
 .debug_ranges  0x000003e0       0x20 build/sam_e51_cnano/production/_ext/1360937237/main.o
 .debug_ranges  0x00000400       0x18 /opt/microchip/xc32/v4.30/bin/bin/../../lib/gcc/pic32c/8.3.1/../../../../pic32c/lib/thumb/v7e-m+fp/hard/libpic32c.a(data_init.o)
 .debug_ranges  0x00000418       0x40 /opt/microchip/xc32/v4.30/bin/bin/../../lib/gcc/pic32c/8.3.1/../../../../pic32c/lib/thumb/v7e-m+fp/hard/libc-musl.a(__libc_start_main.o)
 .debug_ranges  0x00000458       0x10 /opt/microchip/xc32/v4.30/bin/bin/../../lib/gcc/pic32c/8.3.1/../../../../pic32c/lib/thumb/v7e-m+fp/hard/libc-musl.a(strlen.o)
 .debug_ranges  0x00000468       0x10 /opt/microchip/xc32/v4.30/bin/bin/../../lib/gcc/pic32c/8.3.1/../../../../pic32c/lib/thumb/v7e-m+fp/hard/libpic32c.a(pic32_data_init_clear.o)
 .debug_ranges  0x00000478       0x10 /opt/microchip/xc32/v4.30/bin/bin/../../lib/gcc/pic32c/8.3.1/../../../../pic32c/lib/thumb/v7e-m+fp/hard/libpic32c.a(pic32_data_init_copy.o)

.debug_line     0x00000000     0x268f
 .debug_line    0x00000000      0x27a build/sam_e51_cnano/production/_ext/7187140/plib_clock.o
 .debug_line    0x0000027a      0x50a build/sam_e51_cnano/production/_ext/831021835/plib_dmac.o
 .debug_line    0x00000784      0x1d2 build/sam_e51_cnano/production/_ext/1220119669/plib_eic.o
 .debug_line    0x00000956       0x6c build/sam_e51_cnano/production/_ext/9336626/plib_evsys.o
 .debug_line    0x000009c2      0x27d build/sam_e51_cnano/production/_ext/830715028/plib_nvic.o
 .debug_line    0x00000c3f      0x42a build/sam_e51_cnano/production/_ext/226030394/plib_nvmctrl.o
 .debug_line    0x00001069      0x275 build/sam_e51_cnano/production/_ext/830661877/plib_port.o
 .debug_line    0x000012de      0x35b build/sam_e51_cnano/production/_ext/1220132503/plib_rtc_timer.o
 .debug_line    0x00001639      0x426 build/sam_e51_cnano/production/_ext/314480351/plib_sercom5_usart.o
 .debug_line    0x00001a5f       0x6d build/sam_e51_cnano/production/_ext/570918426/initialization.o
 .debug_line    0x00001acc       0xb0 build/sam_e51_cnano/production/_ext/570918426/interrupts.o
 .debug_line    0x00001b7c       0xc6 build/sam_e51_cnano/production/_ext/570918426/exceptions.o
 .debug_line    0x00001c42      0x1df build/sam_e51_cnano/production/_ext/570918426/startup_xc32.o
 .debug_line    0x00001e21      0x192 build/sam_e51_cnano/production/_ext/1360937237/main.o
 .debug_line    0x00001fb3       0xe9 /opt/microchip/xc32/v4.30/bin/bin/../../lib/gcc/pic32c/8.3.1/../../../../pic32c/lib/thumb/v7e-m+fp/hard/libpic32c.a(data_init.o)
 .debug_line    0x0000209c      0x1d5 /opt/microchip/xc32/v4.30/bin/bin/../../lib/gcc/pic32c/8.3.1/../../../../pic32c/lib/thumb/v7e-m+fp/hard/libc-musl.a(__libc_start_main.o)
 .debug_line    0x00002271       0xbc /opt/microchip/xc32/v4.30/bin/bin/../../lib/gcc/pic32c/8.3.1/../../../../pic32c/lib/thumb/v7e-m+fp/hard/libc-musl.a(libc.o)
 .debug_line    0x0000232d       0xe5 /opt/microchip/xc32/v4.30/bin/bin/../../lib/gcc/pic32c/8.3.1/../../../../pic32c/lib/thumb/v7e-m+fp/hard/libc-musl.a(strlen.o)
 .debug_line    0x00002412      0x109 /opt/microchip/xc32/v4.30/bin/bin/../../lib/gcc/pic32c/8.3.1/../../../../pic32c/lib/thumb/v7e-m+fp/hard/libc-musl.a(__environ.o)
 .debug_line    0x0000251b       0xb6 /opt/microchip/xc32/v4.30/bin/bin/../../lib/gcc/pic32c/8.3.1/../../../../pic32c/lib/thumb/v7e-m+fp/hard/libpic32c.a(pic32_data_init_clear.o)
 .debug_line    0x000025d1       0xbe /opt/microchip/xc32/v4.30/bin/bin/../../lib/gcc/pic32c/8.3.1/../../../../pic32c/lib/thumb/v7e-m+fp/hard/libpic32c.a(pic32_data_init_copy.o)

.debug_str      0x00000000      0x3f2
 .debug_str     0x00000000       0x1e build/sam_e51_cnano/production/_ext/7187140/plib_clock.o
 .debug_str     0x0000001e       0x4c build/sam_e51_cnano/production/_ext/831021835/plib_dmac.o
 .debug_str     0x0000006a        0x9 build/sam_e51_cnano/production/_ext/1220119669/plib_eic.o
 .debug_str     0x00000073        0x0 build/sam_e51_cnano/production/_ext/9336626/plib_evsys.o
 .debug_str     0x00000073        0xa build/sam_e51_cnano/production/_ext/830715028/plib_nvic.o
 .debug_str     0x0000007d       0x1b build/sam_e51_cnano/production/_ext/226030394/plib_nvmctrl.o
 .debug_str     0x00000098        0xb build/sam_e51_cnano/production/_ext/830661877/plib_port.o
 .debug_str     0x000000a3      0x115 build/sam_e51_cnano/production/_ext/1220132503/plib_rtc_timer.o
 .debug_str     0x000001b8      0x123 build/sam_e51_cnano/production/_ext/314480351/plib_sercom5_usart.o
 .debug_str     0x000002db        0x0 build/sam_e51_cnano/production/_ext/570918426/initialization.o
 .debug_str     0x000002db        0x0 build/sam_e51_cnano/production/_ext/570918426/interrupts.o
 .debug_str     0x000002db        0x0 build/sam_e51_cnano/production/_ext/570918426/exceptions.o
 .debug_str     0x000002db        0x0 build/sam_e51_cnano/production/_ext/570918426/startup_xc32.o
 .debug_str     0x000002db      0x117 build/sam_e51_cnano/production/_ext/1360937237/main.o
 .debug_str     0x000003f2        0x0 /opt/microchip/xc32/v4.30/bin/bin/../../lib/gcc/pic32c/8.3.1/../../../../pic32c/lib/thumb/v7e-m+fp/hard/libpic32c.a(data_init.o)
 .debug_str     0x000003f2        0x0 /opt/microchip/xc32/v4.30/bin/bin/../../lib/gcc/pic32c/8.3.1/../../../../pic32c/lib/thumb/v7e-m+fp/hard/libc-musl.a(__libc_start_main.o)
 .debug_str     0x000003f2        0x0 /opt/microchip/xc32/v4.30/bin/bin/../../lib/gcc/pic32c/8.3.1/../../../../pic32c/lib/thumb/v7e-m+fp/hard/libc-musl.a(libc.o)
 .debug_str     0x000003f2        0x0 /opt/microchip/xc32/v4.30/bin/bin/../../lib/gcc/pic32c/8.3.1/../../../../pic32c/lib/thumb/v7e-m+fp/hard/libc-musl.a(strlen.o)
 .debug_str     0x000003f2        0x0 /opt/microchip/xc32/v4.30/bin/bin/../../lib/gcc/pic32c/8.3.1/../../../../pic32c/lib/thumb/v7e-m+fp/hard/libc-musl.a(__environ.o)
 .debug_str     0x000003f2        0x0 /opt/microchip/xc32/v4.30/bin/bin/../../lib/gcc/pic32c/8.3.1/../../../../pic32c/lib/thumb/v7e-m+fp/hard/libpic32c.a(pic32_data_init_clear.o)
 .debug_str     0x000003f2        0x0 /opt/microchip/xc32/v4.30/bin/bin/../../lib/gcc/pic32c/8.3.1/../../../../pic32c/lib/thumb/v7e-m+fp/hard/libpic32c.a(pic32_data_init_copy.o)

.debug_frame    0x00000000     0x1170
 .debug_frame   0x00000000      0x10c build/sam_e51_cnano/production/_ext/7187140/plib_clock.o
 .debug_frame   0x0000010c      0x290 build/sam_e51_cnano/production/_ext/831021835/plib_dmac.o
 .debug_frame   0x0000039c       0xc4 build/sam_e51_cnano/production/_ext/1220119669/plib_eic.o
 .debug_frame   0x00000460       0x30 build/sam_e51_cnano/production/_ext/9336626/plib_evsys.o
 .debug_frame   0x00000490      0x114 build/sam_e51_cnano/production/_ext/830715028/plib_nvic.o
 .debug_frame   0x000005a4      0x2fc build/sam_e51_cnano/production/_ext/226030394/plib_nvmctrl.o
 .debug_frame   0x000008a0      0x1c0 build/sam_e51_cnano/production/_ext/830661877/plib_port.o
 .debug_frame   0x00000a60      0x26c build/sam_e51_cnano/production/_ext/1220132503/plib_rtc_timer.o
 .debug_frame   0x00000ccc      0x1a8 build/sam_e51_cnano/production/_ext/314480351/plib_sercom5_usart.o
 .debug_frame   0x00000e74       0x34 build/sam_e51_cnano/production/_ext/570918426/initialization.o
 .debug_frame   0x00000ea8       0x20 build/sam_e51_cnano/production/_ext/570918426/interrupts.o
 .debug_frame   0x00000ec8       0xa0 build/sam_e51_cnano/production/_ext/570918426/exceptions.o
 .debug_frame   0x00000f68       0xa8 build/sam_e51_cnano/production/_ext/570918426/startup_xc32.o
 .debug_frame   0x00001010       0x80 build/sam_e51_cnano/production/_ext/1360937237/main.o
 .debug_frame   0x00001090       0x3c /opt/microchip/xc32/v4.30/bin/bin/../../lib/gcc/pic32c/8.3.1/../../../../pic32c/lib/thumb/v7e-m+fp/hard/libpic32c.a(data_init.o)
 .debug_frame   0x000010cc       0x3c /opt/microchip/xc32/v4.30/bin/bin/../../lib/gcc/pic32c/8.3.1/../../../../pic32c/lib/thumb/v7e-m+fp/hard/libc-musl.a(__libc_start_main.o)
 .debug_frame   0x00001108       0x20 /opt/microchip/xc32/v4.30/bin/bin/../../lib/gcc/pic32c/8.3.1/../../../../pic32c/lib/thumb/v7e-m+fp/hard/libc-musl.a(strlen.o)
 .debug_frame   0x00001128       0x20 /opt/microchip/xc32/v4.30/bin/bin/../../lib/gcc/pic32c/8.3.1/../../../../pic32c/lib/thumb/v7e-m+fp/hard/libpic32c.a(pic32_data_init_clear.o)
 .debug_frame   0x00001148       0x28 /opt/microchip/xc32/v4.30/bin/bin/../../lib/gcc/pic32c/8.3.1/../../../../pic32c/lib/thumb/v7e-m+fp/hard/libpic32c.a(pic32_data_init_copy.o)

.note.GNU-stack
                0x00000000        0x0
 .note.GNU-stack
                0x00000000        0x0 /opt/microchip/xc32/v4.30/bin/bin/../../lib/gcc/pic32c/8.3.1/../../../../pic32c/lib/thumb/v7e-m+fp/hard/libc-musl.a(__libc_start_main.o)
 .note.GNU-stack
                0x00000000        0x0 /opt/microchip/xc32/v4.30/bin/bin/../../lib/gcc/pic32c/8.3.1/../../../../pic32c/lib/thumb/v7e-m+fp/hard/libc-musl.a(libc.o)
 .note.GNU-stack
                0x00000000        0x0 /opt/microchip/xc32/v4.30/bin/bin/../../lib/gcc/pic32c/8.3.1/../../../../pic32c/lib/thumb/v7e-m+fp/hard/libc-musl.a(strlen.o)
 .note.GNU-stack
                0x00000000        0x0 /opt/microchip/xc32/v4.30/bin/bin/../../lib/gcc/pic32c/8.3.1/../../../../pic32c/lib/thumb/v7e-m+fp/hard/libc-musl.a(__environ.o)

.stack          0x20000520      0x100
 .stack         0x20000520      0x100 stack

.bss.uartTxBuffer%1
                0x20000010      0x190
 .bss.uartTxBuffer
                0x20000010      0x190 build/sam_e51_cnano/production/_ext/1360937237/main.o

.bss.eicCallbackObject%2
                0x200001a0       0xc0
 .bss.eicCallbackObject
                0x200001a0       0xc0 build/sam_e51_cnano/production/_ext/1220119669/plib_eic.o

.bss%3          0x20000260       0x50
 .bss           0x20000260       0x50 /opt/microchip/xc32/v4.30/bin/bin/../../lib/gcc/pic32c/8.3.1/../../../../pic32c/lib/thumb/v7e-m+fp/hard/libc-musl.a(libc.o)
                0x20000260                program_invocation_name
                0x20000260                __progname_full
                0x20000264                __progname
                0x20000264                program_invocation_short_name
                0x20000268                __sysinfo
                0x2000026c                __hwcap
                0x20000270                __libc

.bss%4          0x200002b0       0x1c
 .bss           0x200002b0       0x1c /opt/microchip/xc32/v4.30/bin/bin/../../lib/gcc/pic32c/8.3.1/thumb/v7e-m+fp/hard/crtbegin.o

.bss._write_back_section%5
                0x200002d0       0x10
 .bss._write_back_section
                0x200002d0       0x10 build/sam_e51_cnano/production/_ext/831021835/plib_dmac.o

.bss.descriptor_section%6
                0x200002e0       0x10
 .bss.descriptor_section
                0x200002e0       0x10 build/sam_e51_cnano/production/_ext/831021835/plib_dmac.o

.bss.rtcObj%7   0x200002f0        0xc
 .bss.rtcObj    0x200002f0        0xc build/sam_e51_cnano/production/_ext/1220132503/plib_rtc_timer.o

.bss%8          0x200002cc        0x4
 .bss           0x200002cc        0x4 /opt/microchip/xc32/v4.30/bin/bin/../../lib/gcc/pic32c/8.3.1/../../../../pic32c/lib/thumb/v7e-m+fp/hard/libpic32c.a(data_init.o)

.bss%9          0x200002fc        0x4
 .bss           0x200002fc        0x4 /opt/microchip/xc32/v4.30/bin/bin/../../lib/gcc/pic32c/8.3.1/../../../../pic32c/lib/thumb/v7e-m+fp/hard/libc-musl.a(__environ.o)
                0x200002fc                _environ
                0x200002fc                __environ
                0x200002fc                environ
                0x200002fc                ___environ

.bss.isRTCExpired%10
                0x20000300        0x1
 .bss.isRTCExpired
                0x20000300        0x1 build/sam_e51_cnano/production/_ext/1360937237/main.o

.data.isUSARTTxComplete%11
                0x20000301        0x1
 .data.isUSARTTxComplete
                0x20000301        0x1 build/sam_e51_cnano/production/_ext/1360937237/main.o

.eh_frame%z1    0x00000000        0x0
 .eh_frame      0x00000000        0x0 /opt/microchip/xc32/v4.30/bin/bin/../../lib/gcc/pic32c/8.3.1/thumb/v7e-m+fp/hard/crtbegin.o

.config_00804008.__config_00804008%12
                0x00804008        0x4
 .config_00804008.__config_00804008
                0x00804008        0x4 build/sam_e51_cnano/production/_ext/570918426/initialization.o
                0x00804008                __config_00804008

.config_00804004.__config_00804004%13
                0x00804004        0x4
 .config_00804004.__config_00804004
                0x00804004        0x4 build/sam_e51_cnano/production/_ext/570918426/initialization.o
                0x00804004                __config_00804004

.config_00804000.__config_00804000%14
                0x00804000        0x4
 .config_00804000.__config_00804000
                0x00804000        0x4 build/sam_e51_cnano/production/_ext/570918426/initialization.o
                0x00804000                __config_00804000

.text.DMAC_ChannelTransfer%15
                0x00000280      0x158
 .text.DMAC_ChannelTransfer
                0x00000280      0x158 build/sam_e51_cnano/production/_ext/831021835/plib_dmac.o
                0x00000280                DMAC_ChannelTransfer

.text.EIC_Initialize%16
                0x000003d8      0x104
 .text.EIC_Initialize
                0x000003d8      0x104 build/sam_e51_cnano/production/_ext/1220119669/plib_eic.o
                0x000003d8                EIC_Initialize

.dinit%17       0x000004dc       0x94
 .dinit         0x000004dc       0x94 data_init

.text.main%18   0x000005cc       0xac
 .text.main     0x000005cc       0xac build/sam_e51_cnano/production/_ext/1360937237/main.o
                0x000005cc                main

.text.DMAC_Initialize%19
                0x00000678       0xa0
 .text.DMAC_Initialize
                0x00000678       0xa0 build/sam_e51_cnano/production/_ext/831021835/plib_dmac.o
                0x00000678                DMAC_Initialize

.text._DMAC_interruptHandler%20
                0x00000718       0x9c
 .text._DMAC_interruptHandler
                0x00000718       0x9c build/sam_e51_cnano/production/_ext/831021835/plib_dmac.o
                0x00000718                _DMAC_interruptHandler

.text.CLOCK_Initialize%21
                0x000007b4       0x74
 .text.CLOCK_Initialize
                0x000007b4       0x74 build/sam_e51_cnano/production/_ext/7187140/plib_clock.o
                0x000007b4                CLOCK_Initialize

.text.FDPLL0_Initialize%22
                0x00000828       0x6c
 .text.FDPLL0_Initialize
                0x00000828       0x6c build/sam_e51_cnano/production/_ext/7187140/plib_clock.o

.text.RTC_Initialize%23
                0x00000894       0x60
 .text.RTC_Initialize
                0x00000894       0x60 build/sam_e51_cnano/production/_ext/1220132503/plib_rtc_timer.o
                0x00000894                RTC_Initialize

.text.__libc_start_init%24
                0x000008f4       0x5c
 .text.__libc_start_init
                0x000008f4       0x5c /opt/microchip/xc32/v4.30/bin/bin/../../lib/gcc/pic32c/8.3.1/../../../../pic32c/lib/thumb/v7e-m+fp/hard/libc-musl.a(__libc_start_main.o)
                0x000008f4                __libc_init_array

.text.__NVIC_SetPriority%25
                0x00000950       0x54
 .text.__NVIC_SetPriority
                0x00000950       0x54 build/sam_e51_cnano/production/_ext/830715028/plib_nvic.o

.text.Reset_Handler%26
                0x000009a4       0x54
 .text.Reset_Handler
                0x000009a4       0x54 build/sam_e51_cnano/production/_ext/570918426/startup_xc32.o
                0x000009a4                Reset_Handler

.text.SERCOM5_USART_Initialize%27
                0x000009f8       0x4c
 .text.SERCOM5_USART_Initialize
                0x000009f8       0x4c build/sam_e51_cnano/production/_ext/314480351/plib_sercom5_usart.o
                0x000009f8                SERCOM5_USART_Initialize

.text.__pic32c_data_initialization%28
                0x00000a44       0x4c
 .text.__pic32c_data_initialization
                0x00000a44       0x4c /opt/microchip/xc32/v4.30/bin/bin/../../lib/gcc/pic32c/8.3.1/../../../../pic32c/lib/thumb/v7e-m+fp/hard/libpic32c.a(data_init.o)
                0x00000a44                __pic32c_data_initialization

.text.__NVIC_SetPriorityGrouping%29
                0x00000a90       0x48
 .text.__NVIC_SetPriorityGrouping
                0x00000a90       0x48 build/sam_e51_cnano/production/_ext/830715028/plib_nvic.o

.text.GCLK0_Initialize%30
                0x00000ad8       0x44
 .text.GCLK0_Initialize
                0x00000ad8       0x44 build/sam_e51_cnano/production/_ext/7187140/plib_clock.o

.text.PORT_Initialize%31
                0x00000b1c       0x44
 .text.PORT_Initialize
                0x00000b1c       0x44 build/sam_e51_cnano/production/_ext/830661877/plib_port.o
                0x00000b1c                PORT_Initialize

.text.FPU_Enable%32
                0x00000b60       0x44
 .text.FPU_Enable
                0x00000b60       0x44 build/sam_e51_cnano/production/_ext/570918426/startup_xc32.o

.text%33        0x00000ba4       0x40
 .text          0x00000ba4       0x40 /opt/microchip/xc32/v4.30/bin/bin/../../lib/gcc/pic32c/8.3.1/thumb/v7e-m+fp/hard/crtbegin.o

.text.ICache_Enable%34
                0x00000be4       0x40
 .text.ICache_Enable
                0x00000be4       0x40 build/sam_e51_cnano/production/_ext/570918426/startup_xc32.o

.text.NVIC_Initialize%35
                0x00000c24       0x3e
 .text.NVIC_Initialize
                0x00000c24       0x3e build/sam_e51_cnano/production/_ext/830715028/plib_nvic.o
                0x00000c24                NVIC_Initialize

.text.DMAC_ChannelCallbackRegister%36
                0x00000c64       0x3c
 .text.DMAC_ChannelCallbackRegister
                0x00000c64       0x3c build/sam_e51_cnano/production/_ext/831021835/plib_dmac.o
                0x00000c64                DMAC_ChannelCallbackRegister

.text.__NVIC_EnableIRQ%37
                0x00000ca0       0x3c
 .text.__NVIC_EnableIRQ
                0x00000ca0       0x3c build/sam_e51_cnano/production/_ext/830715028/plib_nvic.o

.text.RTC_InterruptHandler%38
                0x00000cdc       0x3c
 .text.RTC_InterruptHandler
                0x00000cdc       0x3c build/sam_e51_cnano/production/_ext/1220132503/plib_rtc_timer.o
                0x00000cdc                RTC_InterruptHandler

.text.EIC_EXTINT_15_InterruptHandler%39
                0x00000d18       0x34
 .text.EIC_EXTINT_15_InterruptHandler
                0x00000d18       0x34 build/sam_e51_cnano/production/_ext/1220119669/plib_eic.o
                0x00000d18                EIC_EXTINT_15_InterruptHandler

.text.SYS_Initialize%40
                0x00000d4c       0x34
 .text.SYS_Initialize
                0x00000d4c       0x34 build/sam_e51_cnano/production/_ext/570918426/initialization.o
                0x00000d4c                SYS_Initialize

.text.RTC_Timer32Start%41
                0x00000d80       0x30
 .text.RTC_Timer32Start
                0x00000d80       0x30 build/sam_e51_cnano/production/_ext/1220132503/plib_rtc_timer.o
                0x00000d80                RTC_Timer32Start

.text.GCLK1_Initialize%42
                0x00000db0       0x2c
 .text.GCLK1_Initialize
                0x00000db0       0x2c build/sam_e51_cnano/production/_ext/7187140/plib_clock.o

.text.GCLK2_Initialize%43
                0x00000ddc       0x2c
 .text.GCLK2_Initialize
                0x00000ddc       0x2c build/sam_e51_cnano/production/_ext/7187140/plib_clock.o

.text.RTC_Timer32CounterSet%44
                0x00000e08       0x2c
 .text.RTC_Timer32CounterSet
                0x00000e08       0x2c build/sam_e51_cnano/production/_ext/1220132503/plib_rtc_timer.o
                0x00000e08                RTC_Timer32CounterSet

.text.RTC_Timer32Compare0Set%45
                0x00000e34       0x2c
 .text.RTC_Timer32Compare0Set
                0x00000e34       0x2c build/sam_e51_cnano/production/_ext/1220132503/plib_rtc_timer.o
                0x00000e34                RTC_Timer32Compare0Set

.text.rtcEventHandler%46
                0x00000e60       0x2c
 .text.rtcEventHandler
                0x00000e60       0x2c build/sam_e51_cnano/production/_ext/1360937237/main.o

.text.RTC_Timer32CallbackRegister%47
                0x00000e8c       0x28
 .text.RTC_Timer32CallbackRegister
                0x00000e8c       0x28 build/sam_e51_cnano/production/_ext/1220132503/plib_rtc_timer.o
                0x00000e8c                RTC_Timer32CallbackRegister

.text.usartDmaChannelHandler%48
                0x00000eb4       0x28
 .text.usartDmaChannelHandler
                0x00000eb4       0x28 build/sam_e51_cnano/production/_ext/1360937237/main.o

.text.TCM_Configure%49
                0x00000edc       0x24
 .text.TCM_Configure
                0x00000edc       0x24 build/sam_e51_cnano/production/_ext/570918426/startup_xc32.o

.text.__dinit_copy%50
                0x00000f00       0x1e
 .text.__dinit_copy
                0x00000f00       0x1e /opt/microchip/xc32/v4.30/bin/bin/../../lib/gcc/pic32c/8.3.1/../../../../pic32c/lib/thumb/v7e-m+fp/hard/libpic32c.a(pic32_data_init_copy.o)
                0x00000f00                __dinit_copy
                0x00000f00                __dinit_copy_needed

.text.NVMCTRL_Initialize%51
                0x00000f20       0x1c
 .text.NVMCTRL_Initialize
                0x00000f20       0x1c build/sam_e51_cnano/production/_ext/226030394/plib_nvmctrl.o
                0x00000f20                NVMCTRL_Initialize

.text.OSC32KCTRL_Initialize%52
                0x00000f3c       0x18
 .text.OSC32KCTRL_Initialize
                0x00000f3c       0x18 build/sam_e51_cnano/production/_ext/7187140/plib_clock.o

.rodata%53      0x00000f54       0x14
 .rodata        0x00000f54       0x14 /opt/microchip/xc32/v4.30/bin/bin/../../lib/gcc/pic32c/8.3.1/../../../../pic32c/lib/thumb/v7e-m+fp/hard/libpic32c.a(data_init.o)

.text.__dinit_clear%54
                0x00000f68       0x12
 .text.__dinit_clear
                0x00000f68       0x12 /opt/microchip/xc32/v4.30/bin/bin/../../lib/gcc/pic32c/8.3.1/../../../../pic32c/lib/thumb/v7e-m+fp/hard/libpic32c.a(pic32_data_init_clear.o)
                0x00000f68                __dinit_clear_needed
                0x00000f68                __dinit_clear

.rodata%55      0x00000f7c       0x10
 .rodata        0x00000f7c       0x10 build/sam_e51_cnano/production/_ext/1360937237/main.o

.text.strlen%56
                0x00000f8c       0x10
 .text.strlen   0x00000f8c       0x10 /opt/microchip/xc32/v4.30/bin/bin/../../lib/gcc/pic32c/8.3.1/../../../../pic32c/lib/thumb/v7e-m+fp/hard/libc-musl.a(strlen.o)
                0x00000f8c                strlen

.text.OSCCTRL_Initialize%57
                0x00000f9c        0xe
 .text.OSCCTRL_Initialize
                0x00000f9c        0xe build/sam_e51_cnano/production/_ext/7187140/plib_clock.o

.text.DFLL_Initialize%58
                0x00000faa        0xe
 .text.DFLL_Initialize
                0x00000faa        0xe build/sam_e51_cnano/production/_ext/7187140/plib_clock.o

.text.DMAC_0_InterruptHandler%59
                0x00000fb8        0xe
 .text.DMAC_0_InterruptHandler
                0x00000fb8        0xe build/sam_e51_cnano/production/_ext/831021835/plib_dmac.o
                0x00000fb8                DMAC_0_InterruptHandler

.text.EVSYS_Initialize%60
                0x00000fc6        0xe
 .text.EVSYS_Initialize
                0x00000fc6        0xe build/sam_e51_cnano/production/_ext/9336626/plib_evsys.o
                0x00000fc6                EVSYS_Initialize

.text.NonMaskableInt_Handler%61
                0x00000fd4        0x6
 .text.NonMaskableInt_Handler
                0x00000fd4        0x6 build/sam_e51_cnano/production/_ext/570918426/exceptions.o
                0x00000fd4                NonMaskableInt_Handler

.text.HardFault_Handler%62
                0x00000fda        0x6
 .text.HardFault_Handler
                0x00000fda        0x6 build/sam_e51_cnano/production/_ext/570918426/exceptions.o
                0x00000fda                HardFault_Handler

.text.DebugMonitor_Handler%63
                0x00000fe0        0x6
 .text.DebugMonitor_Handler
                0x00000fe0        0x6 build/sam_e51_cnano/production/_ext/570918426/exceptions.o
                0x00000fe0                DebugMonitor_Handler

.text.MemoryManagement_Handler%64
                0x00000fe6        0x6
 .text.MemoryManagement_Handler
                0x00000fe6        0x6 build/sam_e51_cnano/production/_ext/570918426/exceptions.o
                0x00000fe6                MemoryManagement_Handler

.text.BusFault_Handler%65
                0x00000fec        0x6
 .text.BusFault_Handler
                0x00000fec        0x6 build/sam_e51_cnano/production/_ext/570918426/exceptions.o
                0x00000fec                BusFault_Handler

.text.UsageFault_Handler%66
                0x00000ff2        0x6
 .text.UsageFault_Handler
                0x00000ff2        0x6 build/sam_e51_cnano/production/_ext/570918426/exceptions.o
                0x00000ff2                UsageFault_Handler

.text.__dummy_decompress%67
                0x00000ff8        0x4
 .text.__dummy_decompress
                0x00000ff8        0x4 /opt/microchip/xc32/v4.30/bin/bin/../../lib/gcc/pic32c/8.3.1/../../../../pic32c/lib/thumb/v7e-m+fp/hard/libpic32c.a(data_init.o)
                0x00000ff8                __dinit_copy_emb
                0x00000ff8                __dinit_decompress
                0x00000ff8                __dinit_copy_val_data

.text.Dummy_Handler%68
                0x00000c62        0x2
 .text.Dummy_Handler
                0x00000c62        0x2 build/sam_e51_cnano/production/_ext/570918426/interrupts.o
                0x00000c62                EIC_EXTINT_9_Handler
                0x00000c62                TCC0_MC5_Handler
                0x00000c62                SVCall_Handler
                0x00000c62                SERCOM0_2_Handler
                0x00000c62                USB_SOF_HSOF_Handler
                0x00000c62                TCC4_OTHER_Handler
                0x00000c62                TCC2_MC2_Handler
                0x00000c62                EVSYS_0_Handler
                0x00000c62                TRNG_Handler
                0x00000c62                TC2_Handler
                0x00000c62                USB_TRCPT0_Handler
                0x00000c62                DAC_OTHER_Handler
                0x00000c62                AC_Handler
                0x00000c62                DAC_EMPTY_0_Handler
                0x00000c62                DMAC_OTHER_Handler
                0x00000c62                EIC_EXTINT_5_Handler
                0x00000c62                SERCOM3_1_Handler
                0x00000c62                SysTick_Handler
                0x00000c62                SERCOM4_OTHER_Handler
                0x00000c62                SERCOM3_2_Handler
                0x00000c62                EIC_EXTINT_6_Handler
                0x00000c62                PendSV_Handler
                0x00000c62                TCC4_MC0_Handler
                0x00000c62                EVSYS_3_Handler
                0x00000c62                QSPI_Handler
                0x00000c62                TCC2_MC0_Handler
                0x00000c62                PDEC_OTHER_Handler
                0x00000c62                TCC3_MC0_Handler
                0x00000c62                PDEC_MC1_Handler
                0x00000c62                TCC2_MC1_Handler
                0x00000c62                OSCCTRL_XOSC1_Handler
                0x00000c62                PDEC_MC0_Handler
                0x00000c62                EIC_EXTINT_4_Handler
                0x00000c62                EIC_EXTINT_7_Handler
                0x00000c62                SERCOM0_OTHER_Handler
                0x00000c62                EVSYS_OTHER_Handler
                0x00000c62                SERCOM0_0_Handler
                0x00000c62                SERCOM4_0_Handler
                0x00000c62                TCC1_MC0_Handler
                0x00000c62                SERCOM1_OTHER_Handler
                0x00000c62                TCC2_OTHER_Handler
                0x00000c62                EIC_EXTINT_11_Handler
                0x00000c62                SUPC_BODDET_Handler
                0x00000c62                EIC_EXTINT_14_Handler
                0x00000c62                OSC32KCTRL_Handler
                0x00000c62                EVSYS_1_Handler
                0x00000c62                TCC4_MC1_Handler
                0x00000c62                SUPC_OTHER_Handler
                0x00000c62                WDT_Handler
                0x00000c62                CAN0_Handler
                0x00000c62                EIC_EXTINT_1_Handler
                0x00000c62                TCC3_MC1_Handler
                0x00000c62                SERCOM5_0_Handler
                0x00000c62                TC4_Handler
                0x00000c62                TC1_Handler
                0x00000c62                TCC1_MC1_Handler
                0x00000c62                EIC_EXTINT_0_Handler
                0x00000c62                TCC1_OTHER_Handler
                0x00000c62                PAC_Handler
                0x00000c62                SERCOM4_1_Handler
                0x00000c62                TC3_Handler
                0x00000c62                Dummy_Handler
                0x00000c62                DAC_RESRDY_0_Handler
                0x00000c62                SERCOM5_1_Handler
                0x00000c62                DMAC_2_Handler
                0x00000c62                TCC0_MC4_Handler
                0x00000c62                USB_TRCPT1_Handler
                0x00000c62                SERCOM0_1_Handler
                0x00000c62                TCC0_MC3_Handler
                0x00000c62                EIC_EXTINT_12_Handler
                0x00000c62                OSCCTRL_DPLL0_Handler
                0x00000c62                SERCOM5_OTHER_Handler
                0x00000c62                PM_Handler
                0x00000c62                OSCCTRL_DFLL_Handler
                0x00000c62                DAC_RESRDY_1_Handler
                0x00000c62                DMAC_1_Handler
                0x00000c62                USB_OTHER_Handler
                0x00000c62                CAN1_Handler
                0x00000c62                TCC0_OTHER_Handler
                0x00000c62                EIC_EXTINT_10_Handler
                0x00000c62                TCC1_MC3_Handler
                0x00000c62                OSCCTRL_XOSC0_Handler
                0x00000c62                TCC0_MC0_Handler
                0x00000c62                EIC_EXTINT_2_Handler
                0x00000c62                SDHC0_Handler
                0x00000c62                SERCOM1_1_Handler
                0x00000c62                I2S_Handler
                0x00000c62                PCC_Handler
                0x00000c62                TCC3_OTHER_Handler
                0x00000c62                EIC_EXTINT_13_Handler
                0x00000c62                SERCOM1_0_Handler
                0x00000c62                PUKCC_Handler
                0x00000c62                SERCOM2_1_Handler
                0x00000c62                SERCOM1_2_Handler
                0x00000c62                SERCOM3_0_Handler
                0x00000c62                SERCOM4_2_Handler
                0x00000c62                TCC1_MC2_Handler
                0x00000c62                ADC1_RESRDY_Handler
                0x00000c62                NVMCTRL_1_Handler
                0x00000c62                SERCOM5_2_Handler
                0x00000c62                SERCOM2_2_Handler
                0x00000c62                DAC_EMPTY_1_Handler
                0x00000c62                ADC1_OTHER_Handler
                0x00000c62                OSCCTRL_DPLL1_Handler
                0x00000c62                EIC_EXTINT_3_Handler
                0x00000c62                SERCOM3_OTHER_Handler
                0x00000c62                EIC_EXTINT_8_Handler
                0x00000c62                NVMCTRL_0_Handler
                0x00000c62                ADC0_RESRDY_Handler
                0x00000c62                ADC0_OTHER_Handler
                0x00000c62                MCLK_Handler
                0x00000c62                EVSYS_2_Handler
                0x00000c62                SERCOM2_OTHER_Handler
                0x00000c62                FREQM_Handler
                0x00000c62                TC0_Handler
                0x00000c62                TCC0_MC1_Handler
                0x00000c62                DMAC_3_Handler
                0x00000c62                RAMECC_Handler
                0x00000c62                TC5_Handler
                0x00000c62                SERCOM2_0_Handler
                0x00000c62                AES_Handler
                0x00000c62                ICM_Handler
                0x00000c62                TCC0_MC2_Handler

.text.Dummy_App_Func%69
                0x00000f1e        0x2
 .text.Dummy_App_Func
                0x00000f1e        0x2 build/sam_e51_cnano/production/_ext/570918426/startup_xc32.o
                0x00000f1e                __xc32_on_bootstrap
                0x00000f1e                _on_reset
                0x00000f1e                _on_bootstrap
                0x00000f1e                __xc32_on_reset
                0x00000f1e                Dummy_App_Func

.text.__dummy%70
                0x00000f7a        0x2
 .text.__dummy  0x00000f7a        0x2 /opt/microchip/xc32/v4.30/bin/bin/../../lib/gcc/pic32c/8.3.1/../../../../pic32c/lib/thumb/v7e-m+fp/hard/libc-musl.a(__libc_start_main.o)
                0x00000f7a                __init_host
                0x00000f7a                __init_stdio
